============================================================
API 엔드포인트 검증 테스트
============================================================

1. Health Check 테스트...
   Status: 200
   Response: {'status': 'healthy'}

2. Root 엔드포인트 테스트...
   Status: 200
   Message: AdGen_AI Image Processing API
   Version: 1.0.0
   Endpoints:
      - remove_background: /api/v1/remove-background
      - image_info: /api/v1/image-info
      - health: /api/v1/health

3. API Health 엔드포인트 테스트...
   Status: 200
   Response: {'status': 'unhealthy', 'error': 'You are trying to access a gated repo.\nMake sure to have access to it at https://huggingface.co/briaai/RMBG-2.0.\n401 Client Error. (Request ID: Root=1-69572256-435d3379337aec7e52e3878e;0caaf2cf-6379-4b5b-9293-fbfd113ace28)\n\nCannot access gated repo for url https://huggingface.co/briaai/RMBG-2.0/resolve/main/config.json.\nAccess to model briaai/RMBG-2.0 is restricted. You must have access to it and be authenticated to access it. Please log in.'}

4. 배경 제거 API 테스트...
   이미지: C:/Users/brook/.gemini/antigravity/brain/0bf53c44-76d6-485d-a482-b08aa93566f8/uploaded_image_1767315578522.png
   요청 전송 중...
   Status: 500
   처리 시간: 0.42s
   Content-Type: application/json
   X-Processing-Time: Nones
python : Traceback (m
ost recent call last)
:
위치 줄:1 문자:1
+ python test_api.py 
> test_output.txt 2>&
1
+ ~~~~~~~~~~~~~~~~~~~
~~~~~~~~~~~~~~~~~~~~~
~
    + CategoryInfo   
           : NotSpe  
  cified: (Traceba   
 ck (most recent     
call last)::Stri    n
g) [], RemoteEx    ce
ption
    + FullyQualified 
   ErrorId : Native  
  CommandError
 
  File "C:\Users\broo
k\Desktop\Codit\highp
roject\test_api.py", 
line 75, in <module>
    print(f"   \u274c
 Error: {response.tex
t}")
    ~~~~~^^^^^^^^^^^^
^^^^^^^^^^^^^^^^^^^^^
UnicodeEncodeError: '
cp949' codec can't en
code character '\u274
c' in position 3: ill
egal multibyte sequen
ce

During handling of th
e above exception, an
other exception occur
red:

Traceback (most recen
t call last):
  File "C:\Users\broo
k\Desktop\Codit\highp
roject\test_api.py", 
line 78, in <module>
    print(f"   \u274c
 Error: {e}")
    ~~~~~^^^^^^^^^^^^
^^^^^^^^^
UnicodeEncodeError: '
cp949' codec can't en
code character '\u274
c' in position 3: ill
egal multibyte sequen
ce
